// Jest Snapshot v1, https://goo.gl/fbAQLP

exports[`options defaults 1`] = `Promise {}`;
